
[1/9] 📥 Fetching issue...
      Issue #1234: Specify version of cobra to go get
      State: closed | Labels: []

[2/9] 📦 Cloning repository...

[3/9] 🗺️  Building repository map...
      36 Go files, 735 symbols
      Packages: ['cobra', 'doc', 'doc_test']

[4/9] 🎯 Identifying relevant files (LLM Pass 1)...

❌ Agent error: HTTPError: HTTP Error 404: Not Found
Traceback (most recent call last):
  File "C:\Users\mshan\OneDrive\Desktop\PocketFM\agent\agent.py", line 91, in run
    file_plans = self.planner.identify_files(issue, repo_map)
                 ^^^^^^^^^^^^^^^^^^^^^^^^^^^^^^^^^^^^^^^^^^^^
  File "C:\Users\mshan\OneDrive\Desktop\PocketFM\agent\planner.py", line 120, in identify_files
    response = self.llm.chat(
               ^^^^^^^^^^^^^^
  File "C:\Users\mshan\OneDrive\Desktop\PocketFM\agent\llm_backends.py", line 81, in chat
    return self._retry(_call)
           ^^^^^^^^^^^^^^^^^^
  File "C:\Users\mshan\OneDrive\Desktop\PocketFM\agent\llm_backends.py", line 19, in _retry
    return fn()
           ^^^^
  File "C:\Users\mshan\OneDrive\Desktop\PocketFM\agent\llm_backends.py", line 74, in _call
    with urllib.request.urlopen(req, timeout=120) as resp:
         ^^^^^^^^^^^^^^^^^^^^^^^^^^^^^^^^^^^^^^^^
  File "C:\Users\mshan\AppData\Local\Programs\Python\Python311\Lib\urllib\request.py", line 216, in urlopen
    return opener.open(url, data, timeout)
           ^^^^^^^^^^^^^^^^^^^^^^^^^^^^^^^
  File "C:\Users\mshan\AppData\Local\Programs\Python\Python311\Lib\urllib\request.py", line 525, in open
    response = meth(req, response)
               ^^^^^^^^^^^^^^^^^^^
  File "C:\Users\mshan\AppData\Local\Programs\Python\Python311\Lib\urllib\request.py", line 634, in http_response
    response = self.parent.error(
               ^^^^^^^^^^^^^^^^^^
  File "C:\Users\mshan\AppData\Local\Programs\Python\Python311\Lib\urllib\request.py", line 563, in error
    return self._call_chain(*args)
           ^^^^^^^^^^^^^^^^^^^^^^^
  File "C:\Users\mshan\AppData\Local\Programs\Python\Python311\Lib\urllib\request.py", line 496, in _call_chain
    result = func(*args)
             ^^^^^^^^^^^
  File "C:\Users\mshan\AppData\Local\Programs\Python\Python311\Lib\urllib\request.py", line 643, in http_error_default
    raise HTTPError(req.full_url, code, msg, hdrs, fp)
urllib.error.HTTPError: HTTP Error 404: Not Found


HTTPError: HTTP Error 404: Not Found
Traceback (most recent call last):
  File "C:\Users\mshan\OneDrive\Desktop\PocketFM\agent\agent.py", line 91, in run
    file_plans = self.planner.identify_files(issue, repo_map)
                 ^^^^^^^^^^^^^^^^^^^^^^^^^^^^^^^^^^^^^^^^^^^^
  File "C:\Users\mshan\OneDrive\Desktop\PocketFM\agent\planner.py", line 120, in identify_files
    response = self.llm.chat(
               ^^^^^^^^^^^^^^
  File "C:\Users\mshan\OneDrive\Desktop\PocketFM\agent\llm_backends.py", line 81, in chat
    return self._retry(_call)
           ^^^^^^^^^^^^^^^^^^
  File "C:\Users\mshan\OneDrive\Desktop\PocketFM\agent\llm_backends.py", line 19, in _retry
    return fn()
           ^^^^
  File "C:\Users\mshan\OneDrive\Desktop\PocketFM\agent\llm_backends.py", line 74, in _call
    with urllib.request.urlopen(req, timeout=120) as resp:
         ^^^^^^^^^^^^^^^^^^^^^^^^^^^^^^^^^^^^^^^^
  File "C:\Users\mshan\AppData\Local\Programs\Python\Python311\Lib\urllib\request.py", line 216, in urlopen
    return opener.open(url, data, timeout)
           ^^^^^^^^^^^^^^^^^^^^^^^^^^^^^^^
  File "C:\Users\mshan\AppData\Local\Programs\Python\Python311\Lib\urllib\request.py", line 525, in open
    response = meth(req, response)
               ^^^^^^^^^^^^^^^^^^^
  File "C:\Users\mshan\AppData\Local\Programs\Python\Python311\Lib\urllib\request.py", line 634, in http_response
    response = self.parent.error(
               ^^^^^^^^^^^^^^^^^^
  File "C:\Users\mshan\AppData\Local\Programs\Python\Python311\Lib\urllib\request.py", line 563, in error
    return self._call_chain(*args)
           ^^^^^^^^^^^^^^^^^^^^^^^
  File "C:\Users\mshan\AppData\Local\Programs\Python\Python311\Lib\urllib\request.py", line 496, in _call_chain
    result = func(*args)
             ^^^^^^^^^^^
  File "C:\Users\mshan\AppData\Local\Programs\Python\Python311\Lib\urllib\request.py", line 643, in http_error_default
    raise HTTPError(req.full_url, code, msg, hdrs, fp)
urllib.error.HTTPError: HTTP Error 404: Not Found
